// Jest Snapshot v1, https://goo.gl/fbAQLP

exports[`should render correctly 1`] = `
<div
  className="tag"
>
  <span>
    Hello World
  </span>
</div>
`;
