// Jest Snapshot v1, https://goo.gl/fbAQLP

exports[`should render correctly 1`] = `
<a
  className="btn"
  role="button"
  tabIndex={0}
>
  Hello World
</a>
`;
