// Jest Snapshot v1, https://goo.gl/fbAQLP

exports[`renders correctly 1`] = `
<div
  aria-valuemax={10}
  aria-valuemin={0}
  aria-valuenow={5}
  role="progressbar"
>
  <div
    style={
      Object {
        "width": "50%",
      }
    }
  />
</div>
`;
