// Jest Snapshot v1, https://goo.gl/fbAQLP

exports[`should render correctly 1`] = `
Array [
  <label
    className=""
  >
    Normal
  </label>,
  <label
    className="undefined"
  >
    Disabled
  </label>,
]
`;
