// Jest Snapshot v1, https://goo.gl/fbAQLP

exports[`should render correctly 1`] = `
Array [
  <textarea
    className="textarea"
    onChange={[Function]}
    style={Object {}}
  />,
  <label
    className=""
  >
    Labelled Textarea
    <textarea
      className="textarea"
      onChange={[Function]}
      style={Object {}}
    />
  </label>,
  <label
    className="undefined"
  >
    Labelled Disabled Textarea
    <textarea
      className="textarea"
      disabled={true}
      onChange={[Function]}
      style={Object {}}
    />
  </label>,
  <div
    className="progressRow"
  >
    <textarea
      className="textarea"
      defaultValue="12345"
      maxLength={10}
      onChange={[Function]}
      style={Object {}}
    />
    <div
      aria-valuemax={10}
      aria-valuemin={0}
      aria-valuenow={5}
      role="progressbar"
    >
      <div
        style={
          Object {
            "width": "50%",
          }
        }
      />
    </div>
  </div>,
  <label
    className=""
  >
    Labelled with maxlength
    <div
      className="progressRow"
    >
      <textarea
        className="textarea"
        defaultValue="12345"
        maxLength={10}
        onChange={[Function]}
        style={Object {}}
      />
      <div
        aria-valuemax={10}
        aria-valuemin={0}
        aria-valuenow={5}
        role="progressbar"
      >
        <div
          style={
            Object {
              "width": "50%",
            }
          }
        />
      </div>
    </div>
  </label>,
]
`;
